#-----------------------------------------------------------
# Vivado v2023.2 (64-bit)
# SW Build 4029153 on Fri Oct 13 20:14:34 MDT 2023
# IP Build 4028589 on Sat Oct 14 00:45:43 MDT 2023
# SharedData Build 4025554 on Tue Oct 10 17:18:54 MDT 2023
# Start of session at: Tue Feb 13 22:02:08 2024
# Process ID: 28552
# Current directory: K:/My Drive/Grad/FAU_PhD/CDA 4240 - Design of Digital Systems/Labs/Lab1/lab_1
# Command line: vivado.exe -gui_launcher_event rodinguilauncherevent28544 K:\My Drive\Grad\FAU_PhD\CDA 4240 - Design of Digital Systems\Labs\Lab1\lab_1\lab_1.xpr
# Log file: K:/My Drive/Grad/FAU_PhD/CDA 4240 - Design of Digital Systems/Labs/Lab1/lab_1/vivado.log
# Journal file: K:/My Drive/Grad/FAU_PhD/CDA 4240 - Design of Digital Systems/Labs/Lab1/lab_1\vivado.jou
# Running On: DESKTOP-I7EHI1I, OS: Windows, CPU Frequency: 3400 MHz, CPU Physical cores: 32, Host memory: 68637 MB
#-----------------------------------------------------------
start_gui
open_project {K:/My Drive/Grad/FAU_PhD/CDA 4240 - Design of Digital Systems/Labs/Lab1/lab_1/lab_1.xpr}
update_compile_order -fileset sources_1
reset_run synth_1
launch_runs synth_1 -jobs 16
wait_on_run synth_1
launch_runs impl_1 -jobs 16
wait_on_run impl_1
open_run synth_1 -name synth_1
close_design
open_run impl_1
launch_runs impl_1 -to_step write_bitstream -jobs 16
wait_on_run impl_1
open_hw_manager
connect_hw_server -allow_non_jtag
open_hw_target
current_hw_device [get_hw_devices xc7z007s_1]
refresh_hw_device -update_hw_probes false [lindex [get_hw_devices xc7z007s_1] 0]
set_property PROBES.FILE {} [get_hw_devices xc7z007s_1]
set_property FULL_PROBES.FILE {} [get_hw_devices xc7z007s_1]
set_property PROGRAM.FILE {K:/My Drive/Grad/FAU_PhD/CDA 4240 - Design of Digital Systems/Labs/Lab1/lab_1/lab_1.runs/impl_1/comparator_top.bit} [get_hw_devices xc7z007s_1]
program_hw_devices [get_hw_devices xc7z007s_1]
refresh_hw_device [lindex [get_hw_devices xc7z007s_1] 0]
launch_simulation
source comparator_tb.tcl
run 20 us
close_sim
