#-----------------------------------------------------------
# Vivado v2023.2 (64-bit)
# SW Build 4029153 on Fri Oct 13 20:14:34 MDT 2023
# IP Build 4028589 on Sat Oct 14 00:45:43 MDT 2023
# SharedData Build 4025554 on Tue Oct 10 17:18:54 MDT 2023
# Start of session at: Tue Feb 27 08:28:24 2024
# Process ID: 34600
# Current directory: K:/My Drive/Grad/FAU_PhD/CDA 4240 - Design of Digital Systems/Labs/Lab2/lab2/lab2.runs/impl_1
# Command line: vivado.exe -log reg_file.vdi -applog -product Vivado -messageDb vivado.pb -mode batch -source reg_file.tcl -notrace
# Log file: K:/My Drive/Grad/FAU_PhD/CDA 4240 - Design of Digital Systems/Labs/Lab2/lab2/lab2.runs/impl_1/reg_file.vdi
# Journal file: K:/My Drive/Grad/FAU_PhD/CDA 4240 - Design of Digital Systems/Labs/Lab2/lab2/lab2.runs/impl_1\vivado.jou
# Running On: DESKTOP-I7EHI1I, OS: Windows, CPU Frequency: 3400 MHz, CPU Physical cores: 32, Host memory: 68637 MB
#-----------------------------------------------------------
source reg_file.tcl -notrace
